// Jest Snapshot v1, https://goo.gl/fbAQLP

exports[`Header component renders the component with the provided props as expected 1`] = `
<View
  style={
    {
      "alignItems": "center",
      "backgroundColor": "#fff",
      "justifyContent": "center",
    }
  }
>
  <Image
    source={1}
    style={
      {
        "height": 200,
        "width": 200,
      }
    }
  />
  <ForwardRef(Text)
    style={
      {
        "color": "#3c3744",
        "paddingBottom": 32,
      }
    }
    variant="titleMedium"
  >
    Test Message
  </ForwardRef(Text)>
</View>
`;
